;
;   _______  ____  ____  _______            ___     ______
;  |_   __ \|_   ||   _||_   __ \         .'   `. .' ____ \
;    | |__) | | |__| |    | |__) |______ /  .-.  \| (___ \_|
;    |  ___/  |  __  |    |  ___/|______|| |   | | _.____`.
;   _| |_    _| |  | |_  _| |_           \  `-'  /| \____) |
;  |_____|  |____||____||_____|           `.___.'  \______.'
;
; Notice: This file is automatically generated by PHP-OS.
;         Do not edit this file. We cannot be held responsible if this is edited and overwritten again.
;


[bits 16]

[org 0x0000]

mov esi, __php_var_
call __php_PHPOS_Service_BIOS_IO_PrintConstantString
jmp __php_PHPOS_Service_BIOS_IO_PrintConstantString_PHPOS_Service_BIOS_IO_PrintConstantString_PrintDone
__php_PHPOS_Service_BIOS_IO_PrintConstantString_PHPOS_Service_BIOS_IO_PrintConstantString_PrintCharacter:
  mov ah, 14
  mov ebx, 15
  int 16
  ret 
__php_PHPOS_Service_BIOS_IO_PrintConstantString:
  lodsb 
  or al, al
  jz __php_PHPOS_Service_BIOS_IO_PrintConstantString_PHPOS_Service_BIOS_IO_PrintConstantString_PrintDone
  call __php_PHPOS_Service_BIOS_IO_PrintConstantString_PHPOS_Service_BIOS_IO_PrintConstantString_PrintCharacter
  jmp __php_PHPOS_Service_BIOS_IO_PrintConstantString
__php_PHPOS_Service_BIOS_IO_PrintConstantString_PHPOS_Service_BIOS_IO_PrintConstantString_PrintDone:
  ret 

__php_var_:
  db "", 0

