;
;   _______  ____  ____  _______            ___     ______
;  |_   __ \|_   ||   _||_   __ \         .'   `. .' ____ \
;    | |__) | | |__| |    | |__) |______ /  .-.  \| (___ \_|
;    |  ___/  |  __  |    |  ___/|______|| |   | | _.____`.
;   _| |_    _| |  | |_  _| |_           \  `-'  /| \____) |
;  |_____|  |____||____||_____|           `.___.'  \______.'
;
; Notice: This file is automatically generated by PHP-OS.
;         Do not edit this file. We cannot be held responsible if this is edited and overwritten again.
;


[bits 16]

[org 0x0000]

mov si, __php_var_
call __php_PHPOS_Service_BIOS_IO_PrintString
jmp __php_PHPOS_Service_BIOS_IO_PrintString_PHPOS_Service_BIOS_IO_PrintDone
__php_PHPOS_Service_BIOS_IO_PrintString_PHPOS_Service_BIOS_IO_PrintCharacter:
  mov ah, 0x000E
  int 16
  ret 
__php_PHPOS_Service_BIOS_IO_PrintString:
  lodsb 
  or al, al
  jz __php_PHPOS_Service_BIOS_IO_PrintString_PHPOS_Service_BIOS_IO_PrintDone
  call __php_PHPOS_Service_BIOS_IO_PrintString_PHPOS_Service_BIOS_IO_PrintCharacter
  jmp __php_PHPOS_Service_BIOS_IO_PrintString
  __php_PHPOS_Service_BIOS_IO_PrintString_PHPOS_Service_BIOS_IO_PrintDone:
    ret 

__php_var_:
  db "", 0

