;
;   _______  ____  ____  _______            ___     ______
;  |_   __ \|_   ||   _||_   __ \         .'   `. .' ____ \
;    | |__) | | |__| |    | |__) |______ /  .-.  \| (___ \_|
;    |  ___/  |  __  |    |  ___/|______|| |   | | _.____`.
;   _| |_    _| |  | |_  _| |_           \  `-'  /| \____) |
;  |_____|  |____||____||_____|           `.___.'  \______.'
;
; Notice: This file is automatically generated by PHP-OS.
;         Do not edit this file. We cannot be held responsible if this is edited and overwritten again.
;


resb_PHPOS_Service_BIOS_VESABIOSExtension_SetVESABIOSExtensionInformation: resb 256
[bits 16]

[org 0x0000]

cli 
xor ax, ax
xor bx, bx
mov ds, ax
mov es, ax
mov ss, ax
mov sp, 0
sti 

__php_PHPOS_Service_BIOS_VESABIOSExtension_SetVESABIOSExtension:
  mov eax, 20226
  mov ebx, 16658
  int 16
  __php_PHPOS_Service_BIOS_VESABIOSExtension_SetVESABIOSExtension_PHPOS_Service_BIOS_VESABIOSExtension_SetVESABIOSExtensionError:
    cmp eax, 79
    je __php_PHPOS_Service_BIOS_VESABIOSExtension_SetVESABIOSExtension_PHPOS_Service_BIOS_VESABIOSExtension_SetVESABIOSExtensionError_success
    mov esi, __php_var_Q291bGQgbm90IHNldCBWRVNBIG1vZGUh
    call __php_PHPOS_Service_BIOS_VESABIOSExtension_SetVESABIOSExtension_PHPOS_Service_BIOS_VESABIOSExtension_SetVESABIOSExtensionError_PHPOS_Service_BIOS_IO_PrintConstantString
    jmp __php_PHPOS_Service_BIOS_VESABIOSExtension_SetVESABIOSExtension_PHPOS_Service_BIOS_VESABIOSExtension_SetVESABIOSExtensionError_PHPOS_Service_BIOS_IO_PrintConstantString_finish
    __php_PHPOS_Service_BIOS_VESABIOSExtension_SetVESABIOSExtension_PHPOS_Service_BIOS_VESABIOSExtension_SetVESABIOSExtensionError_PHPOS_Service_BIOS_IO_PrintConstantString_PHPOS_Service_BIOS_IO_PrintConstantString_PrintCharacter:
      mov ah, 14
      mov ebx, 15
      int 16
      ret 
    __php_PHPOS_Service_BIOS_VESABIOSExtension_SetVESABIOSExtension_PHPOS_Service_BIOS_VESABIOSExtension_SetVESABIOSExtensionError_PHPOS_Service_BIOS_IO_PrintConstantString:
      lodsb 
      or al, al
      jz __php_PHPOS_Service_BIOS_VESABIOSExtension_SetVESABIOSExtension_PHPOS_Service_BIOS_VESABIOSExtension_SetVESABIOSExtensionError_PHPOS_Service_BIOS_IO_PrintConstantString_PHPOS_Service_BIOS_IO_PrintConstantString_PrintDone
      call __php_PHPOS_Service_BIOS_VESABIOSExtension_SetVESABIOSExtension_PHPOS_Service_BIOS_VESABIOSExtension_SetVESABIOSExtensionError_PHPOS_Service_BIOS_IO_PrintConstantString_PHPOS_Service_BIOS_IO_PrintConstantString_PrintCharacter
      jmp __php_PHPOS_Service_BIOS_VESABIOSExtension_SetVESABIOSExtension_PHPOS_Service_BIOS_VESABIOSExtension_SetVESABIOSExtensionError_PHPOS_Service_BIOS_IO_PrintConstantString
    __php_PHPOS_Service_BIOS_VESABIOSExtension_SetVESABIOSExtension_PHPOS_Service_BIOS_VESABIOSExtension_SetVESABIOSExtensionError_PHPOS_Service_BIOS_IO_PrintConstantString_PHPOS_Service_BIOS_IO_PrintConstantString_PrintDone:
      ret 
    __php_PHPOS_Service_BIOS_VESABIOSExtension_SetVESABIOSExtension_PHPOS_Service_BIOS_VESABIOSExtension_SetVESABIOSExtensionError_PHPOS_Service_BIOS_IO_PrintConstantString_finish:
    hlt 
    __php_PHPOS_Service_BIOS_VESABIOSExtension_SetVESABIOSExtension_PHPOS_Service_BIOS_VESABIOSExtension_SetVESABIOSExtensionError_success:

__php_PHPOS_Service_BIOS_VESABIOSExtension_SetVESABIOSExtensionInformation:
  mov eax, 20225
  mov ecx, 16658
  mov edi, resb_PHPOS_Service_BIOS_VESABIOSExtension_SetVESABIOSExtensionInformation
  int 16

__php_PHPOS_Service_BIOS_VESABIOSExtension_LoadVESAVideoAddress:
  mov eax, [resb_PHPOS_Service_BIOS_VESABIOSExtension_SetVESABIOSExtensionInformation + 40]
  mov edi, eax

add edi, 365610

__php_PHPOS_Service_BIOS_VESABIOSExtension_Renderer_RenderSquare:
  __php_PHPOS_Service_BIOS_VESABIOSExtension_Renderer_RenderSquare_PHPOS_Service_BIOS_VESABIOSExtension_Renderer_Renderer:
    mov ecx, 100
  __php_PHPOS_Service_BIOS_VESABIOSExtension_Renderer_RenderSquare_PHPOS_Service_BIOS_VESABIOSExtension_Renderer_Renderer_outer:
    push ecx
    mov ecx, 100
  __php_PHPOS_Service_BIOS_VESABIOSExtension_Renderer_RenderSquare_PHPOS_Service_BIOS_VESABIOSExtension_Renderer_Renderer_inner:
    __php_PHPOS_Service_BIOS_VESABIOSExtension_Renderer_RenderSquare_PHPOS_Service_BIOS_VESABIOSExtension_Renderer_Renderer_inner_code:
      mov dword [edi], 0xFFFFFF
      add edi, 3
    loop __php_PHPOS_Service_BIOS_VESABIOSExtension_Renderer_RenderSquare_PHPOS_Service_BIOS_VESABIOSExtension_Renderer_Renderer_inner
    pop ecx
    add edi, 1620
  loop __php_PHPOS_Service_BIOS_VESABIOSExtension_Renderer_RenderSquare_PHPOS_Service_BIOS_VESABIOSExtension_Renderer_Renderer_outer

__php_var_Q291bGQgbm90IHNldCBWRVNBIG1vZGUh:
  db "Could not set VESA mode!", 0

