;
;   _______  ____  ____  _______            ___     ______
;  |_   __ \|_   ||   _||_   __ \         .'   `. .' ____ \
;    | |__) | | |__| |    | |__) |______ /  .-.  \| (___ \_|
;    |  ___/  |  __  |    |  ___/|______|| |   | | _.____`.
;   _| |_    _| |  | |_  _| |_           \  `-'  /| \____) |
;  |_____|  |____||____||_____|           `.___.'  \______.'
;
; Notice: This file is automatically generated by PHP-OS.
;         Do not edit this file. We cannot be held responsible if this is edited and overwritten again.
;


resb_PHPOS_Service_BIOS_VESABIOSExtension_SetVESABIOSExtensionInformation: resb 256
[bits 16]

[org 0x0000]

cli 
xor ax, ax
xor bx, bx
mov ds, ax
mov es, ax
mov ss, ax
mov sp, 0
sti 

__php_PHPOS_Service_BIOS_VESABIOSExtension_SetVESABIOSExtension:
  mov eax, 20226
  mov ebx, 16658
  int 16
  __php_PHPOS_Service_BIOS_VESABIOSExtension_SetVESABIOSExtension_PHPOS_Service_BIOS_VESABIOSExtension_SetVESABIOSExtensionError:
    cmp eax, 79
    je __php_PHPOS_Service_BIOS_VESABIOSExtension_SetVESABIOSExtension_PHPOS_Service_BIOS_VESABIOSExtension_SetVESABIOSExtensionError_success
    mov esi, __php_var_Q291bGQgbm90IHNldCBWRVNBIG1vZGUh
    call __php_PHPOS_Service_BIOS_VESABIOSExtension_SetVESABIOSExtension_PHPOS_Service_BIOS_VESABIOSExtension_SetVESABIOSExtensionError_PHPOS_Service_BIOS_IO_PrintConstantString
    jmp __php_PHPOS_Service_BIOS_VESABIOSExtension_SetVESABIOSExtension_PHPOS_Service_BIOS_VESABIOSExtension_SetVESABIOSExtensionError_PHPOS_Service_BIOS_IO_PrintConstantString_finish
    __php_PHPOS_Service_BIOS_VESABIOSExtension_SetVESABIOSExtension_PHPOS_Service_BIOS_VESABIOSExtension_SetVESABIOSExtensionError_PHPOS_Service_BIOS_IO_PrintConstantString_PHPOS_Service_BIOS_IO_PrintConstantString_PrintCharacter:
      mov ah, 14
      mov ebx, 15
      int 16
      ret 
    __php_PHPOS_Service_BIOS_VESABIOSExtension_SetVESABIOSExtension_PHPOS_Service_BIOS_VESABIOSExtension_SetVESABIOSExtensionError_PHPOS_Service_BIOS_IO_PrintConstantString:
      lodsb 
      or al, al
      jz __php_PHPOS_Service_BIOS_VESABIOSExtension_SetVESABIOSExtension_PHPOS_Service_BIOS_VESABIOSExtension_SetVESABIOSExtensionError_PHPOS_Service_BIOS_IO_PrintConstantString_PHPOS_Service_BIOS_IO_PrintConstantString_PrintDone
      call __php_PHPOS_Service_BIOS_VESABIOSExtension_SetVESABIOSExtension_PHPOS_Service_BIOS_VESABIOSExtension_SetVESABIOSExtensionError_PHPOS_Service_BIOS_IO_PrintConstantString_PHPOS_Service_BIOS_IO_PrintConstantString_PrintCharacter
      jmp __php_PHPOS_Service_BIOS_VESABIOSExtension_SetVESABIOSExtension_PHPOS_Service_BIOS_VESABIOSExtension_SetVESABIOSExtensionError_PHPOS_Service_BIOS_IO_PrintConstantString
    __php_PHPOS_Service_BIOS_VESABIOSExtension_SetVESABIOSExtension_PHPOS_Service_BIOS_VESABIOSExtension_SetVESABIOSExtensionError_PHPOS_Service_BIOS_IO_PrintConstantString_PHPOS_Service_BIOS_IO_PrintConstantString_PrintDone:
      ret 
    __php_PHPOS_Service_BIOS_VESABIOSExtension_SetVESABIOSExtension_PHPOS_Service_BIOS_VESABIOSExtension_SetVESABIOSExtensionError_PHPOS_Service_BIOS_IO_PrintConstantString_finish:
    hlt 
    __php_PHPOS_Service_BIOS_VESABIOSExtension_SetVESABIOSExtension_PHPOS_Service_BIOS_VESABIOSExtension_SetVESABIOSExtensionError_success:

__php_PHPOS_Service_BIOS_VESABIOSExtension_SetVESABIOSExtensionInformation:
  mov eax, 20225
  mov ecx, 16658
  mov edi, resb_PHPOS_Service_BIOS_VESABIOSExtension_SetVESABIOSExtensionInformation
  int 16

__php_PHPOS_Service_BIOS_VESABIOSExtension_LoadVESAVideoAddress:
  mov eax, [resb_PHPOS_Service_BIOS_VESABIOSExtension_SetVESABIOSExtensionInformation + 40]
  mov edi, eax

__php_PHPOS_Service_BIOS_VESABIOSExtension_Renderer_RenderText:
  mov esi, __php_var___php_PHPOS_Service_BIOS_VESABIOSExtension_Renderer_RenderText_image
  __php_PHPOS_Service_BIOS_VESABIOSExtension_Renderer_RenderText_PHPOS_Service_BIOS_VESABIOSExtension_Renderer_RenderImage_PHPOS_Service_BIOS_VESABIOSExtension_Renderer_Renderer:
    mov ecx, 14
  __php_PHPOS_Service_BIOS_VESABIOSExtension_Renderer_RenderText_PHPOS_Service_BIOS_VESABIOSExtension_Renderer_RenderImage_PHPOS_Service_BIOS_VESABIOSExtension_Renderer_Renderer_outer:
    push ecx
    mov ecx, 23
  __php_PHPOS_Service_BIOS_VESABIOSExtension_Renderer_RenderText_PHPOS_Service_BIOS_VESABIOSExtension_Renderer_RenderImage_PHPOS_Service_BIOS_VESABIOSExtension_Renderer_Renderer_inner:
    __php_PHPOS_Service_BIOS_VESABIOSExtension_Renderer_RenderText_PHPOS_Service_BIOS_VESABIOSExtension_Renderer_RenderImage_PHPOS_Service_BIOS_VESABIOSExtension_Renderer_Renderer_inner_code:
      __php_PHPOS_Service_BIOS_VESABIOSExtension_Renderer_RenderText_PHPOS_Service_BIOS_VESABIOSExtension_Renderer_RenderImage_PHPOS_Service_BIOS_VESABIOSExtension_Renderer_RenderPixel:
        push ecx
        mov ecx, 3
        __php_PHPOS_Service_BIOS_VESABIOSExtension_Renderer_RenderText_PHPOS_Service_BIOS_VESABIOSExtension_Renderer_RenderImage_PHPOS_Service_BIOS_VESABIOSExtension_Renderer_RenderPixel_code:
          __php_PHPOS_Service_BIOS_VESABIOSExtension_Renderer_RenderText_PHPOS_Service_BIOS_VESABIOSExtension_Renderer_RenderImage_copy_pixel_from_destination:
            lodsb 
            mov [edi], al
            inc edi
            loop __php_PHPOS_Service_BIOS_VESABIOSExtension_Renderer_RenderText_PHPOS_Service_BIOS_VESABIOSExtension_Renderer_RenderImage_copy_pixel_from_destination
        pop ecx
    loop __php_PHPOS_Service_BIOS_VESABIOSExtension_Renderer_RenderText_PHPOS_Service_BIOS_VESABIOSExtension_Renderer_RenderImage_PHPOS_Service_BIOS_VESABIOSExtension_Renderer_Renderer_inner
    pop ecx
    add edi, 1851
  loop __php_PHPOS_Service_BIOS_VESABIOSExtension_Renderer_RenderText_PHPOS_Service_BIOS_VESABIOSExtension_Renderer_RenderImage_PHPOS_Service_BIOS_VESABIOSExtension_Renderer_Renderer_outer

__php_var_Q291bGQgbm90IHNldCBWRVNBIG1vZGUh:
  db "Could not set VESA mode!", 0

__php_var___php_PHPOS_Service_BIOS_VESABIOSExtension_Renderer_RenderText_image:
  db 255, 255, 255, 255, 255, 255, 255, 255, 255, 255, 255, 255, 255, 255, 255, 255, 255, 255, 255, 255, 255, 255, 255, 255, 255, 255, 255, 255, 255, 255, 255, 255, 255, 255, 255, 255, 255, 255, 255, 255, 255, 255, 255, 255, 255, 255, 255, 255
  db 255, 255, 255, 255, 255, 255, 255, 255, 255, 255, 255, 255, 255, 255, 255, 255, 255, 255, 255, 255, 255, 255, 255, 255, 255, 255, 255, 255, 255, 255, 255, 255, 255, 255, 255, 255, 255, 255, 255, 255, 255, 255, 255, 255, 255, 255, 255, 255
  db 255, 255, 255, 255, 255, 255, 255, 255, 255, 255, 255, 255, 255, 255, 255, 255, 255, 255, 255, 255, 255, 255, 255, 255, 255, 255, 255, 255, 255, 255, 255, 255, 255, 255, 255, 255, 255, 255, 255, 255, 255, 255, 255, 255, 255, 255, 255, 255
  db 255, 255, 255, 255, 255, 255, 255, 255, 255, 255, 255, 255, 255, 255, 255, 255, 255, 255, 255, 255, 255, 255, 255, 255, 255, 255, 255, 255, 255, 255, 255, 255, 255, 255, 255, 255, 255, 255, 255, 255, 255, 255, 255, 255, 255, 255, 255, 255
  db 255, 255, 255, 255, 255, 255, 255, 255, 255, 255, 255, 255, 255, 255, 255, 77, 77, 77, 7, 7, 7, 7, 7, 7, 0, 0, 0, 5, 5, 5, 7, 7, 7, 7, 7, 7, 232, 232, 232, 255, 255, 255, 255, 255, 255, 255, 255, 255
  db 255, 255, 255, 255, 255, 255, 255, 255, 255, 255, 255, 255, 255, 255, 255, 255, 255, 255, 255, 255, 255, 255, 255, 255, 254, 254, 254, 65, 65, 65, 247, 247, 247, 255, 255, 255, 255, 255, 255, 255, 255, 255, 255, 255, 255, 27, 27, 27
  db 191, 191, 191, 255, 255, 255, 255, 255, 255, 255, 255, 255, 255, 255, 255, 255, 255, 255, 255, 255, 255, 255, 255, 255, 255, 255, 255, 255, 255, 255, 255, 255, 255, 255, 255, 255, 255, 255, 255, 255, 255, 255, 255, 255, 255, 251, 251, 251
  db 0, 0, 0, 247, 247, 247, 255, 255, 255, 255, 255, 255, 255, 255, 255, 255, 255, 255, 27, 27, 27, 191, 191, 191, 255, 255, 255, 255, 255, 255, 167, 167, 167, 51, 51, 51, 49, 49, 49, 64, 64, 64, 208, 208, 208, 255, 255, 255
  db 242, 242, 242, 80, 80, 80, 48, 48, 48, 49, 49, 49, 108, 108, 108, 255, 255, 255, 98, 98, 98, 0, 0, 0, 54, 54, 54, 237, 237, 237, 255, 255, 255, 255, 255, 255, 255, 255, 255, 27, 27, 27, 191, 191, 191, 255, 255, 255
  db 206, 206, 206, 45, 45, 45, 240, 240, 240, 255, 255, 255, 200, 200, 200, 31, 31, 31, 254, 254, 254, 158, 158, 158, 83, 83, 83, 255, 255, 255, 249, 249, 249, 94, 94, 94, 227, 227, 227, 251, 251, 251, 0, 0, 0, 247, 247, 247
  db 255, 255, 255, 255, 255, 255, 255, 255, 255, 255, 255, 255, 27, 27, 27, 191, 191, 191, 255, 255, 255, 133, 133, 133, 20, 20, 20, 47, 47, 47, 47, 47, 47, 47, 47, 47, 25, 25, 25, 226, 226, 226, 220, 220, 220, 27, 27, 27
  db 67, 67, 67, 134, 134, 134, 216, 216, 216, 255, 255, 255, 251, 251, 251, 0, 0, 0, 247, 247, 247, 255, 255, 255, 255, 255, 255, 255, 255, 255, 255, 255, 255, 27, 27, 27, 191, 191, 191, 255, 255, 255, 130, 130, 130, 92, 92, 92
  db 255, 255, 255, 255, 255, 255, 255, 255, 255, 225, 225, 225, 254, 254, 254, 255, 255, 255, 247, 247, 247, 181, 181, 181, 115, 115, 115, 22, 22, 22, 188, 188, 188, 251, 251, 251, 0, 0, 0, 247, 247, 247, 255, 255, 255, 255, 255, 255
  db 255, 255, 255, 255, 255, 255, 27, 27, 27, 191, 191, 191, 255, 255, 255, 199, 199, 199, 13, 13, 13, 216, 216, 216, 255, 255, 255, 168, 168, 168, 28, 28, 28, 251, 251, 251, 145, 145, 145, 96, 96, 96, 255, 255, 255, 255, 255, 255
  db 83, 83, 83, 140, 140, 140, 254, 254, 254, 1, 1, 1, 239, 239, 239, 255, 255, 255, 255, 255, 255, 255, 255, 255, 255, 255, 255, 27, 27, 27, 191, 191, 191, 255, 255, 255, 255, 255, 255, 159, 159, 159, 44, 44, 44, 45, 45, 45
  db 55, 55, 55, 205, 205, 205, 255, 255, 255, 241, 241, 241, 82, 82, 82, 41, 41, 41, 50, 50, 50, 85, 85, 85, 242, 242, 242, 255, 255, 255, 81, 81, 81, 15, 15, 15, 216, 216, 216, 255, 255, 255, 255, 255, 255, 255, 255, 255
  db 255, 255, 255, 255, 255, 255, 255, 255, 255, 255, 255, 255, 255, 255, 255, 255, 255, 255, 255, 255, 255, 255, 255, 255, 255, 255, 255, 255, 255, 255, 255, 255, 255, 255, 255, 255, 255, 255, 255, 255, 255, 255, 255, 255, 255, 255, 255, 255
  db 255, 255, 255, 255, 255, 255, 255, 255, 255, 255, 255, 255, 255, 255, 255, 255, 255, 255, 255, 255, 255, 255, 255, 255, 255, 255, 255, 255, 255, 255, 255, 255, 255, 255, 255, 255, 255, 255, 255, 255, 255, 255, 255, 255, 255, 255, 255, 255
  db 255, 255, 255, 255, 255, 255, 255, 255, 255, 255, 255, 255, 255, 255, 255, 255, 255, 255, 255, 255, 255, 255, 255, 255, 255, 255, 255, 255, 255, 255, 255, 255, 255, 255, 255, 255, 255, 255, 255, 255, 255, 255, 255, 255, 255, 255, 255, 255
  db 255, 255, 255, 255, 255, 255, 255, 255, 255, 255, 255, 255, 255, 255, 255, 255, 255, 255, 255, 255, 255, 255, 255, 255, 255, 255, 255, 255, 255, 255, 255, 255, 255, 255, 255, 255, 255, 255, 255, 255, 255, 255, 255, 255, 255, 255, 255, 255
  db 255, 255, 255, 255, 255, 255

