;
;   _______  ____  ____  _______            ___     ______
;  |_   __ \|_   ||   _||_   __ \         .'   `. .' ____ \
;    | |__) | | |__| |    | |__) |______ /  .-.  \| (___ \_|
;    |  ___/  |  __  |    |  ___/|______|| |   | | _.____`.
;   _| |_    _| |  | |_  _| |_           \  `-'  /| \____) |
;  |_____|  |____||____||_____|           `.___.'  \______.'
;
; Notice: This file is automatically generated by PHP-OS.
;         Do not edit this file. We cannot be held responsible if this is edited and overwritten again.
;

%define __php_define_image_code_000000000000161a0000000000000000_sector 1
%define __php_define_image_code_000000000000161a0000000000000000_sectors 62
%define __php_define_image_code_000000000000161a0000000000000000_head 0
%define __php_define_image_code_000000000000161a0000000000000000_drive 128

resb_PHPOS_Service_BIOS_VESABIOSExtension_SetVESABIOSExtensionInformation: resb 256
[bits 16]

[org 0x0000]

cli 
xor ax, ax
xor bx, bx
mov ds, ax
mov es, ax
mov ss, ax
mov sp, 0
sti 

__php_PHPOS_Service_BIOS_VESABIOSExtension_SetVESABIOSExtension:
  mov eax, 20226
  mov ebx, 16658
  int 16
  __php_PHPOS_Service_BIOS_VESABIOSExtension_SetVESABIOSExtension_PHPOS_Service_BIOS_VESABIOSExtension_SetVESABIOSExtensionError:
    cmp eax, 79
    je __php_PHPOS_Service_BIOS_VESABIOSExtension_SetVESABIOSExtension_PHPOS_Service_BIOS_VESABIOSExtension_SetVESABIOSExtensionError_success
    mov esi, __php_var_Q291bGQgbm90IHNldCBWRVNBIG1vZGUh
    call __php_PHPOS_Service_BIOS_VESABIOSExtension_SetVESABIOSExtension_PHPOS_Service_BIOS_VESABIOSExtension_SetVESABIOSExtensionError_PHPOS_Service_BIOS_IO_PrintConstantString
    jmp __php_PHPOS_Service_BIOS_VESABIOSExtension_SetVESABIOSExtension_PHPOS_Service_BIOS_VESABIOSExtension_SetVESABIOSExtensionError_PHPOS_Service_BIOS_IO_PrintConstantString_finish
    __php_PHPOS_Service_BIOS_VESABIOSExtension_SetVESABIOSExtension_PHPOS_Service_BIOS_VESABIOSExtension_SetVESABIOSExtensionError_PHPOS_Service_BIOS_IO_PrintConstantString_PHPOS_Service_BIOS_IO_PrintConstantString_PrintCharacter:
      mov ah, 14
      mov ebx, 15
      int 16
      ret 
    __php_PHPOS_Service_BIOS_VESABIOSExtension_SetVESABIOSExtension_PHPOS_Service_BIOS_VESABIOSExtension_SetVESABIOSExtensionError_PHPOS_Service_BIOS_IO_PrintConstantString:
      lodsb 
      or al, al
      jz __php_PHPOS_Service_BIOS_VESABIOSExtension_SetVESABIOSExtension_PHPOS_Service_BIOS_VESABIOSExtension_SetVESABIOSExtensionError_PHPOS_Service_BIOS_IO_PrintConstantString_PHPOS_Service_BIOS_IO_PrintConstantString_PrintDone
      call __php_PHPOS_Service_BIOS_VESABIOSExtension_SetVESABIOSExtension_PHPOS_Service_BIOS_VESABIOSExtension_SetVESABIOSExtensionError_PHPOS_Service_BIOS_IO_PrintConstantString_PHPOS_Service_BIOS_IO_PrintConstantString_PrintCharacter
      jmp __php_PHPOS_Service_BIOS_VESABIOSExtension_SetVESABIOSExtension_PHPOS_Service_BIOS_VESABIOSExtension_SetVESABIOSExtensionError_PHPOS_Service_BIOS_IO_PrintConstantString
    __php_PHPOS_Service_BIOS_VESABIOSExtension_SetVESABIOSExtension_PHPOS_Service_BIOS_VESABIOSExtension_SetVESABIOSExtensionError_PHPOS_Service_BIOS_IO_PrintConstantString_PHPOS_Service_BIOS_IO_PrintConstantString_PrintDone:
      ret 
    __php_PHPOS_Service_BIOS_VESABIOSExtension_SetVESABIOSExtension_PHPOS_Service_BIOS_VESABIOSExtension_SetVESABIOSExtensionError_PHPOS_Service_BIOS_IO_PrintConstantString_finish:
    hlt 
    __php_PHPOS_Service_BIOS_VESABIOSExtension_SetVESABIOSExtension_PHPOS_Service_BIOS_VESABIOSExtension_SetVESABIOSExtensionError_success:

__php_PHPOS_Service_BIOS_VESABIOSExtension_SetVESABIOSExtensionInformation:
  mov eax, 20225
  mov ecx, 16658
  mov edi, resb_PHPOS_Service_BIOS_VESABIOSExtension_SetVESABIOSExtensionInformation
  int 16

__php_PHPOS_Service_BIOS_VESABIOSExtension_LoadVESAVideoAddress:
  mov eax, [resb_PHPOS_Service_BIOS_VESABIOSExtension_SetVESABIOSExtensionInformation + 40]
  mov edi, eax

add edi, 407790

__php_PHPOS_Service_BIOS_VESABIOSExtension_Renderer_RenderImageFromDisk:
  __php_PHPOS_Service_BIOS_VESABIOSExtension_Renderer_RenderImageFromDisk_PHPOS_Service_BIOS_Disk_LoadSector:
    mov ebx, 12288
    mov ah, 0x0002
    mov al, __php_define_image_code_000000000000161a0000000000000000_sectors
    mov ch, 0x0000
    mov cl, __php_define_image_code_000000000000161a0000000000000000_sector
    mov dh, __php_define_image_code_000000000000161a0000000000000000_head
    mov dl, __php_define_image_code_000000000000161a0000000000000000_drive
    int 19
    jc __php_PHPOS_Service_BIOS_VESABIOSExtension_Renderer_RenderImageFromDisk_PHPOS_Service_BIOS_Disk_LoadSector_PHPOS_Service_BIOS_Disk_DiskError
    jmp __php_PHPOS_Service_BIOS_VESABIOSExtension_Renderer_RenderImageFromDisk_PHPOS_Service_BIOS_Disk_LoadSector_finish
    ret 
  __php_PHPOS_Service_BIOS_VESABIOSExtension_Renderer_RenderImageFromDisk_PHPOS_Service_BIOS_Disk_LoadSector_PHPOS_Service_BIOS_Disk_DiskError:
    mov esi, __php_var_TG9hZCBkaXNrIGVycm9yIQ__
    call __php_PHPOS_Service_BIOS_VESABIOSExtension_Renderer_RenderImageFromDisk_PHPOS_Service_BIOS_Disk_LoadSector_PHPOS_Service_BIOS_Disk_DiskError_PHPOS_Service_BIOS_IO_PrintConstantString
    jmp __php_PHPOS_Service_BIOS_VESABIOSExtension_Renderer_RenderImageFromDisk_PHPOS_Service_BIOS_Disk_LoadSector_PHPOS_Service_BIOS_Disk_DiskError_PHPOS_Service_BIOS_IO_PrintConstantString_finish
    __php_PHPOS_Service_BIOS_VESABIOSExtension_Renderer_RenderImageFromDisk_PHPOS_Service_BIOS_Disk_LoadSector_PHPOS_Service_BIOS_Disk_DiskError_PHPOS_Service_BIOS_IO_PrintConstantString_PHPOS_Service_BIOS_IO_PrintConstantString_PrintCharacter:
      mov ah, 14
      mov ebx, 15
      int 16
      ret 
    __php_PHPOS_Service_BIOS_VESABIOSExtension_Renderer_RenderImageFromDisk_PHPOS_Service_BIOS_Disk_LoadSector_PHPOS_Service_BIOS_Disk_DiskError_PHPOS_Service_BIOS_IO_PrintConstantString:
      lodsb 
      or al, al
      jz __php_PHPOS_Service_BIOS_VESABIOSExtension_Renderer_RenderImageFromDisk_PHPOS_Service_BIOS_Disk_LoadSector_PHPOS_Service_BIOS_Disk_DiskError_PHPOS_Service_BIOS_IO_PrintConstantString_PHPOS_Service_BIOS_IO_PrintConstantString_PrintDone
      call __php_PHPOS_Service_BIOS_VESABIOSExtension_Renderer_RenderImageFromDisk_PHPOS_Service_BIOS_Disk_LoadSector_PHPOS_Service_BIOS_Disk_DiskError_PHPOS_Service_BIOS_IO_PrintConstantString_PHPOS_Service_BIOS_IO_PrintConstantString_PrintCharacter
      jmp __php_PHPOS_Service_BIOS_VESABIOSExtension_Renderer_RenderImageFromDisk_PHPOS_Service_BIOS_Disk_LoadSector_PHPOS_Service_BIOS_Disk_DiskError_PHPOS_Service_BIOS_IO_PrintConstantString
    __php_PHPOS_Service_BIOS_VESABIOSExtension_Renderer_RenderImageFromDisk_PHPOS_Service_BIOS_Disk_LoadSector_PHPOS_Service_BIOS_Disk_DiskError_PHPOS_Service_BIOS_IO_PrintConstantString_PHPOS_Service_BIOS_IO_PrintConstantString_PrintDone:
      ret 
    __php_PHPOS_Service_BIOS_VESABIOSExtension_Renderer_RenderImageFromDisk_PHPOS_Service_BIOS_Disk_LoadSector_PHPOS_Service_BIOS_Disk_DiskError_PHPOS_Service_BIOS_IO_PrintConstantString_finish:
    hlt 
  __php_PHPOS_Service_BIOS_VESABIOSExtension_Renderer_RenderImageFromDisk_PHPOS_Service_BIOS_Disk_LoadSector_finish:
  mov esi, 12288
  __php_PHPOS_Service_BIOS_VESABIOSExtension_Renderer_RenderImageFromDisk_PHPOS_Service_BIOS_VESABIOSExtension_Renderer_RenderImage_PHPOS_Service_BIOS_VESABIOSExtension_Renderer_Renderer:
    mov ecx, 56
  __php_PHPOS_Service_BIOS_VESABIOSExtension_Renderer_RenderImageFromDisk_PHPOS_Service_BIOS_VESABIOSExtension_Renderer_RenderImage_PHPOS_Service_BIOS_VESABIOSExtension_Renderer_Renderer_outer:
    push ecx
    mov ecx, 140
  __php_PHPOS_Service_BIOS_VESABIOSExtension_Renderer_RenderImageFromDisk_PHPOS_Service_BIOS_VESABIOSExtension_Renderer_RenderImage_PHPOS_Service_BIOS_VESABIOSExtension_Renderer_Renderer_inner:
    __php_PHPOS_Service_BIOS_VESABIOSExtension_Renderer_RenderImageFromDisk_PHPOS_Service_BIOS_VESABIOSExtension_Renderer_RenderImage_PHPOS_Service_BIOS_VESABIOSExtension_Renderer_Renderer_inner_code:
      __php_PHPOS_Service_BIOS_VESABIOSExtension_Renderer_RenderImageFromDisk_PHPOS_Service_BIOS_VESABIOSExtension_Renderer_RenderImage_PHPOS_Service_BIOS_VESABIOSExtension_Renderer_RenderPixel:
        push ecx
        mov ecx, 3
        __php_PHPOS_Service_BIOS_VESABIOSExtension_Renderer_RenderImageFromDisk_PHPOS_Service_BIOS_VESABIOSExtension_Renderer_RenderImage_PHPOS_Service_BIOS_VESABIOSExtension_Renderer_RenderPixel_code:
          __php_PHPOS_Service_BIOS_VESABIOSExtension_Renderer_RenderImageFromDisk_PHPOS_Service_BIOS_VESABIOSExtension_Renderer_RenderImage_copy_pixel_from_destination:
            lodsb 
            mov [edi], al
            inc edi
            loop __php_PHPOS_Service_BIOS_VESABIOSExtension_Renderer_RenderImageFromDisk_PHPOS_Service_BIOS_VESABIOSExtension_Renderer_RenderImage_copy_pixel_from_destination
        pop ecx
    loop __php_PHPOS_Service_BIOS_VESABIOSExtension_Renderer_RenderImageFromDisk_PHPOS_Service_BIOS_VESABIOSExtension_Renderer_RenderImage_PHPOS_Service_BIOS_VESABIOSExtension_Renderer_Renderer_inner
    pop ecx
    add edi, 1500
  loop __php_PHPOS_Service_BIOS_VESABIOSExtension_Renderer_RenderImageFromDisk_PHPOS_Service_BIOS_VESABIOSExtension_Renderer_RenderImage_PHPOS_Service_BIOS_VESABIOSExtension_Renderer_Renderer_outer

__php_var_Q291bGQgbm90IHNldCBWRVNBIG1vZGUh:
  db "Could not set VESA mode!", 0

__php_var_TG9hZCBkaXNrIGVycm9yIQ__:
  db "Load disk error!", 0

