;
;   _______  ____  ____  _______            ___     ______
;  |_   __ \|_   ||   _||_   __ \         .'   `. .' ____ \
;    | |__) | | |__| |    | |__) |______ /  .-.  \| (___ \_|
;    |  ___/  |  __  |    |  ___/|______|| |   | | _.____`.
;   _| |_    _| |  | |_  _| |_           \  `-'  /| \____) |
;  |_____|  |____||____||_____|           `.___.'  \______.'
;
; Notice: This file is automatically generated by PHP-OS.
;         Do not edit this file. We cannot be held responsible if this is edited and overwritten again.
;


resb_PHPOS_Service_BIOS_VESABIOSExtension_SetVESABIOSExtensionInformation: resb 256
[bits 16]

[org 0x0000]

cli 
xor ax, ax
xor bx, bx
mov ds, ax
mov es, ax
mov ss, ax
mov sp, 0
sti 

__php_PHPOS_Service_BIOS_VESABIOSExtension_SetVESABIOSExtension:
  mov eax, 20226
  mov ebx, 16658
  int 16
  __php_PHPOS_Service_BIOS_VESABIOSExtension_SetVESABIOSExtension_PHPOS_Service_BIOS_VESABIOSExtension_SetVESABIOSExtensionError:
    cmp eax, 79
    je __php_PHPOS_Service_BIOS_VESABIOSExtension_SetVESABIOSExtension_PHPOS_Service_BIOS_VESABIOSExtension_SetVESABIOSExtensionError_success
    mov esi, __php_var_Q291bGQgbm90IHNldCBWRVNBIG1vZGUh
    call __php_PHPOS_Service_BIOS_VESABIOSExtension_SetVESABIOSExtension_PHPOS_Service_BIOS_VESABIOSExtension_SetVESABIOSExtensionError_PHPOS_Service_BIOS_IO_PrintConstantString
    jmp __php_PHPOS_Service_BIOS_VESABIOSExtension_SetVESABIOSExtension_PHPOS_Service_BIOS_VESABIOSExtension_SetVESABIOSExtensionError_PHPOS_Service_BIOS_IO_PrintConstantString_finish
    __php_PHPOS_Service_BIOS_VESABIOSExtension_SetVESABIOSExtension_PHPOS_Service_BIOS_VESABIOSExtension_SetVESABIOSExtensionError_PHPOS_Service_BIOS_IO_PrintConstantString_PHPOS_Service_BIOS_IO_PrintConstantString_PrintCharacter:
      mov ah, 14
      mov ebx, 15
      int 16
      ret 
    __php_PHPOS_Service_BIOS_VESABIOSExtension_SetVESABIOSExtension_PHPOS_Service_BIOS_VESABIOSExtension_SetVESABIOSExtensionError_PHPOS_Service_BIOS_IO_PrintConstantString:
      lodsb 
      or al, al
      jz __php_PHPOS_Service_BIOS_VESABIOSExtension_SetVESABIOSExtension_PHPOS_Service_BIOS_VESABIOSExtension_SetVESABIOSExtensionError_PHPOS_Service_BIOS_IO_PrintConstantString_PHPOS_Service_BIOS_IO_PrintConstantString_PrintDone
      call __php_PHPOS_Service_BIOS_VESABIOSExtension_SetVESABIOSExtension_PHPOS_Service_BIOS_VESABIOSExtension_SetVESABIOSExtensionError_PHPOS_Service_BIOS_IO_PrintConstantString_PHPOS_Service_BIOS_IO_PrintConstantString_PrintCharacter
      jmp __php_PHPOS_Service_BIOS_VESABIOSExtension_SetVESABIOSExtension_PHPOS_Service_BIOS_VESABIOSExtension_SetVESABIOSExtensionError_PHPOS_Service_BIOS_IO_PrintConstantString
    __php_PHPOS_Service_BIOS_VESABIOSExtension_SetVESABIOSExtension_PHPOS_Service_BIOS_VESABIOSExtension_SetVESABIOSExtensionError_PHPOS_Service_BIOS_IO_PrintConstantString_PHPOS_Service_BIOS_IO_PrintConstantString_PrintDone:
      ret 
    __php_PHPOS_Service_BIOS_VESABIOSExtension_SetVESABIOSExtension_PHPOS_Service_BIOS_VESABIOSExtension_SetVESABIOSExtensionError_PHPOS_Service_BIOS_IO_PrintConstantString_finish:
    hlt 
    __php_PHPOS_Service_BIOS_VESABIOSExtension_SetVESABIOSExtension_PHPOS_Service_BIOS_VESABIOSExtension_SetVESABIOSExtensionError_success:

__php_PHPOS_Service_BIOS_VESABIOSExtension_SetVESABIOSExtensionInformation:
  mov eax, 20225
  mov ecx, 16658
  mov edi, resb_PHPOS_Service_BIOS_VESABIOSExtension_SetVESABIOSExtensionInformation
  int 16

__php_PHPOS_Service_BIOS_VESABIOSExtension_LoadVESAVideoAddress:
  mov eax, [resb_PHPOS_Service_BIOS_VESABIOSExtension_SetVESABIOSExtensionInformation + 40]
  mov edi, eax

__php_PHPOS_Service_GUI_MenuBar:
  __php_PHPOS_Service_GUI_MenuBar_PHPOS_Service_BIOS_VESABIOSExtension_LoadVESAVideoAddress:
    mov eax, [resb_PHPOS_Service_BIOS_VESABIOSExtension_SetVESABIOSExtensionInformation + 40]
    mov edi, eax
  __php_PHPOS_Service_GUI_MenuBar_PHPOS_Service_BIOS_VESABIOSExtension_Renderer_RenderSquare:
    __php_PHPOS_Service_GUI_MenuBar_PHPOS_Service_BIOS_VESABIOSExtension_Renderer_RenderSquare_PHPOS_Service_BIOS_VESABIOSExtension_Renderer_Renderer:
      mov ecx, 20
    __php_PHPOS_Service_GUI_MenuBar_PHPOS_Service_BIOS_VESABIOSExtension_Renderer_RenderSquare_PHPOS_Service_BIOS_VESABIOSExtension_Renderer_Renderer_outer:
      push ecx
      mov ecx, 640
    __php_PHPOS_Service_GUI_MenuBar_PHPOS_Service_BIOS_VESABIOSExtension_Renderer_RenderSquare_PHPOS_Service_BIOS_VESABIOSExtension_Renderer_Renderer_inner:
      __php_PHPOS_Service_GUI_MenuBar_PHPOS_Service_BIOS_VESABIOSExtension_Renderer_RenderSquare_PHPOS_Service_BIOS_VESABIOSExtension_Renderer_Renderer_inner_code:
        mov dword [edi], 0xC5C6D0
        add edi, 3
      loop __php_PHPOS_Service_GUI_MenuBar_PHPOS_Service_BIOS_VESABIOSExtension_Renderer_RenderSquare_PHPOS_Service_BIOS_VESABIOSExtension_Renderer_Renderer_inner
      pop ecx
      add edi, 0
    loop __php_PHPOS_Service_GUI_MenuBar_PHPOS_Service_BIOS_VESABIOSExtension_Renderer_RenderSquare_PHPOS_Service_BIOS_VESABIOSExtension_Renderer_Renderer_outer
  __php_PHPOS_Service_GUI_MenuBar_PHPOS_Service_BIOS_VESABIOSExtension_Renderer_RenderSquare1:
    __php_PHPOS_Service_GUI_MenuBar_PHPOS_Service_BIOS_VESABIOSExtension_Renderer_RenderSquare1_PHPOS_Service_BIOS_VESABIOSExtension_Renderer_Renderer:
      mov ecx, 1
    __php_PHPOS_Service_GUI_MenuBar_PHPOS_Service_BIOS_VESABIOSExtension_Renderer_RenderSquare1_PHPOS_Service_BIOS_VESABIOSExtension_Renderer_Renderer_outer:
      push ecx
      mov ecx, 640
    __php_PHPOS_Service_GUI_MenuBar_PHPOS_Service_BIOS_VESABIOSExtension_Renderer_RenderSquare1_PHPOS_Service_BIOS_VESABIOSExtension_Renderer_Renderer_inner:
      __php_PHPOS_Service_GUI_MenuBar_PHPOS_Service_BIOS_VESABIOSExtension_Renderer_RenderSquare1_PHPOS_Service_BIOS_VESABIOSExtension_Renderer_Renderer_inner_code:
        mov dword [edi], 0x000000
        add edi, 3
      loop __php_PHPOS_Service_GUI_MenuBar_PHPOS_Service_BIOS_VESABIOSExtension_Renderer_RenderSquare1_PHPOS_Service_BIOS_VESABIOSExtension_Renderer_Renderer_inner
      pop ecx
      add edi, 0
    loop __php_PHPOS_Service_GUI_MenuBar_PHPOS_Service_BIOS_VESABIOSExtension_Renderer_RenderSquare1_PHPOS_Service_BIOS_VESABIOSExtension_Renderer_Renderer_outer
  __php_PHPOS_Service_GUI_MenuBar_start_text:
    __php_PHPOS_Service_GUI_MenuBar_PHPOS_Service_BIOS_VESABIOSExtension_LoadVESAVideoAddress1:
      mov eax, [resb_PHPOS_Service_BIOS_VESABIOSExtension_SetVESABIOSExtensionInformation + 40]
      mov edi, eax
    add edi, 5781
    __php_PHPOS_Service_GUI_MenuBar_PHPOS_Service_BIOS_VESABIOSExtension_Renderer_RenderText:
      mov esi, __php_var___php_PHPOS_Service_GUI_MenuBar_PHPOS_Service_BIOS_VESABIOSExtension_Renderer_RenderText_image
      __php_PHPOS_Service_GUI_MenuBar_PHPOS_Service_BIOS_VESABIOSExtension_Renderer_RenderText_PHPOS_Service_BIOS_VESABIOSExtension_Renderer_RenderImage_PHPOS_Service_BIOS_VESABIOSExtension_Renderer_Renderer:
        mov ecx, 14
      __php_PHPOS_Service_GUI_MenuBar_PHPOS_Service_BIOS_VESABIOSExtension_Renderer_RenderText_PHPOS_Service_BIOS_VESABIOSExtension_Renderer_RenderImage_PHPOS_Service_BIOS_VESABIOSExtension_Renderer_Renderer_outer:
        push ecx
        mov ecx, 46
      __php_PHPOS_Service_GUI_MenuBar_PHPOS_Service_BIOS_VESABIOSExtension_Renderer_RenderText_PHPOS_Service_BIOS_VESABIOSExtension_Renderer_RenderImage_PHPOS_Service_BIOS_VESABIOSExtension_Renderer_Renderer_inner:
        __php_PHPOS_Service_GUI_MenuBar_PHPOS_Service_BIOS_VESABIOSExtension_Renderer_RenderText_PHPOS_Service_BIOS_VESABIOSExtension_Renderer_RenderImage_PHPOS_Service_BIOS_VESABIOSExtension_Renderer_Renderer_inner_code:
          __php_PHPOS_Service_GUI_MenuBar_PHPOS_Service_BIOS_VESABIOSExtension_Renderer_RenderText_PHPOS_Service_BIOS_VESABIOSExtension_Renderer_RenderImage_PHPOS_Service_BIOS_VESABIOSExtension_Renderer_RenderPixel:
            push ecx
            mov ecx, 3
            __php_PHPOS_Service_GUI_MenuBar_PHPOS_Service_BIOS_VESABIOSExtension_Renderer_RenderText_PHPOS_Service_BIOS_VESABIOSExtension_Renderer_RenderImage_PHPOS_Service_BIOS_VESABIOSExtension_Renderer_RenderPixel_code:
              __php_PHPOS_Service_GUI_MenuBar_PHPOS_Service_BIOS_VESABIOSExtension_Renderer_RenderText_PHPOS_Service_BIOS_VESABIOSExtension_Renderer_RenderImage_copy_pixel_from_destination:
                lodsb 
                mov [edi], al
                inc edi
                loop __php_PHPOS_Service_GUI_MenuBar_PHPOS_Service_BIOS_VESABIOSExtension_Renderer_RenderText_PHPOS_Service_BIOS_VESABIOSExtension_Renderer_RenderImage_copy_pixel_from_destination
            pop ecx
        loop __php_PHPOS_Service_GUI_MenuBar_PHPOS_Service_BIOS_VESABIOSExtension_Renderer_RenderText_PHPOS_Service_BIOS_VESABIOSExtension_Renderer_RenderImage_PHPOS_Service_BIOS_VESABIOSExtension_Renderer_Renderer_inner
        pop ecx
        add edi, 1782
      loop __php_PHPOS_Service_GUI_MenuBar_PHPOS_Service_BIOS_VESABIOSExtension_Renderer_RenderText_PHPOS_Service_BIOS_VESABIOSExtension_Renderer_RenderImage_PHPOS_Service_BIOS_VESABIOSExtension_Renderer_Renderer_outer

__php_var_Q291bGQgbm90IHNldCBWRVNBIG1vZGUh:
  db "Could not set VESA mode!", 0

__php_var___php_PHPOS_Service_GUI_MenuBar_PHPOS_Service_BIOS_VESABIOSExtension_Renderer_RenderText_image:
  db 208, 198, 197, 208, 198, 197, 208, 198, 197, 208, 198, 197, 208, 198, 197, 208, 198, 197, 208, 198, 197, 208, 198, 197, 208, 198, 197, 208, 198, 197, 208, 198, 197, 208, 198, 197, 208, 198, 197, 208, 198, 197, 208, 198, 197, 208, 198, 197
  db 208, 198, 197, 208, 198, 197, 208, 198, 197, 208, 198, 197, 208, 198, 197, 208, 198, 197, 208, 198, 197, 208, 198, 197, 208, 198, 197, 208, 198, 197, 208, 198, 197, 208, 198, 197, 208, 198, 197, 208, 198, 197, 208, 198, 197, 208, 198, 197
  db 208, 198, 197, 208, 198, 197, 208, 198, 197, 208, 198, 197, 208, 198, 197, 208, 198, 197, 208, 198, 197, 208, 198, 197, 208, 198, 197, 208, 198, 197, 208, 198, 197, 208, 198, 197, 208, 198, 197, 208, 198, 197, 208, 198, 197, 208, 198, 197
  db 208, 198, 197, 208, 198, 197, 208, 198, 197, 208, 198, 197, 208, 198, 197, 208, 198, 197, 208, 198, 197, 208, 198, 197, 208, 198, 197, 208, 198, 197, 208, 198, 197, 208, 198, 197, 208, 198, 197, 208, 198, 197, 208, 198, 197, 208, 198, 197
  db 208, 198, 197, 208, 198, 197, 208, 198, 197, 208, 198, 197, 208, 198, 197, 208, 198, 197, 208, 198, 197, 208, 198, 197, 208, 198, 197, 208, 198, 197, 208, 198, 197, 208, 198, 197, 208, 198, 197, 208, 198, 197, 208, 198, 197, 208, 198, 197
  db 208, 198, 197, 208, 198, 197, 208, 198, 197, 208, 198, 197, 208, 198, 197, 208, 198, 197, 208, 198, 197, 208, 198, 197, 208, 198, 197, 208, 198, 197, 208, 198, 197, 208, 198, 197, 208, 198, 197, 208, 198, 197, 208, 198, 197, 208, 198, 197
  db 208, 198, 197, 208, 198, 197, 208, 198, 197, 208, 198, 197, 208, 198, 197, 208, 198, 197, 208, 198, 197, 208, 198, 197, 208, 198, 197, 208, 198, 197, 208, 198, 197, 208, 198, 197, 208, 198, 197, 208, 198, 197, 208, 198, 197, 208, 198, 197
  db 208, 198, 197, 208, 198, 197, 208, 198, 197, 208, 198, 197, 208, 198, 197, 208, 198, 197, 208, 198, 197, 208, 198, 197, 208, 198, 197, 208, 198, 197, 208, 198, 197, 208, 198, 197, 208, 198, 197, 208, 198, 197, 208, 198, 197, 208, 198, 197
  db 208, 198, 197, 208, 198, 197, 208, 198, 197, 208, 198, 197, 208, 198, 197, 208, 198, 197, 208, 198, 197, 208, 198, 197, 208, 198, 197, 208, 198, 197, 192, 182, 182, 0, 0, 0, 6, 5, 5, 6, 5, 5, 7, 6, 6, 25, 24, 24
  db 117, 111, 110, 208, 198, 197, 201, 192, 191, 0, 0, 0, 188, 179, 178, 208, 198, 197, 208, 198, 197, 208, 198, 197, 117, 111, 110, 61, 58, 58, 208, 198, 197, 192, 182, 182, 0, 0, 0, 6, 5, 5, 6, 5, 5, 7, 6, 6
  db 25, 24, 24, 117, 111, 110, 208, 198, 197, 208, 198, 197, 208, 198, 197, 208, 198, 197, 208, 198, 197, 208, 198, 197, 206, 196, 195, 115, 109, 109, 33, 31, 31, 12, 12, 12, 21, 20, 20, 81, 77, 76, 189, 180, 179, 208, 198, 197
  db 208, 198, 197, 160, 152, 151, 47, 45, 45, 10, 9, 9, 13, 12, 12, 62, 59, 59, 175, 167, 166, 208, 198, 197, 192, 182, 182, 0, 0, 0, 195, 186, 185, 208, 198, 197, 208, 198, 197, 168, 160, 159, 14, 13, 13, 152, 144, 144
  db 201, 192, 191, 0, 0, 0, 188, 179, 178, 208, 198, 197, 208, 198, 197, 208, 198, 197, 117, 111, 110, 61, 58, 58, 208, 198, 197, 192, 182, 182, 0, 0, 0, 195, 186, 185, 208, 198, 197, 208, 198, 197, 168, 160, 159, 14, 13, 13
  db 152, 144, 144, 208, 198, 197, 208, 198, 197, 208, 198, 197, 208, 198, 197, 208, 198, 197, 82, 78, 78, 43, 41, 41, 169, 161, 160, 207, 197, 196, 196, 186, 185, 97, 92, 92, 25, 24, 24, 193, 184, 183, 201, 192, 191, 13, 12, 12
  db 137, 130, 130, 206, 196, 195, 202, 193, 192, 107, 102, 101, 27, 26, 25, 206, 196, 195, 192, 182, 182, 0, 0, 0, 195, 186, 185, 208, 198, 197, 208, 198, 197, 208, 198, 197, 56, 54, 53, 116, 110, 110, 201, 192, 191, 0, 0, 0
  db 188, 179, 178, 208, 198, 197, 208, 198, 197, 208, 198, 197, 117, 111, 110, 61, 58, 58, 208, 198, 197, 192, 182, 182, 0, 0, 0, 195, 186, 185, 208, 198, 197, 208, 198, 197, 208, 198, 197, 56, 54, 53, 116, 110, 110, 208, 198, 197
  db 208, 198, 197, 208, 198, 197, 208, 198, 197, 176, 168, 167, 5, 5, 5, 184, 175, 175, 208, 198, 197, 208, 198, 197, 208, 198, 197, 208, 198, 197, 58, 55, 55, 103, 98, 97, 196, 186, 185, 4, 4, 4, 174, 165, 165, 208, 198, 197
  db 208, 198, 197, 206, 196, 195, 130, 123, 123, 201, 192, 191, 192, 182, 182, 0, 0, 0, 195, 186, 185, 208, 198, 197, 206, 196, 195, 162, 154, 153, 11, 11, 11, 163, 155, 155, 201, 192, 191, 0, 0, 0, 6, 5, 5, 6, 5, 5
  db 6, 5, 5, 6, 5, 5, 3, 3, 3, 61, 58, 58, 208, 198, 197, 192, 182, 182, 0, 0, 0, 195, 186, 185, 208, 198, 197, 206, 196, 195, 162, 154, 153, 11, 11, 11, 163, 155, 155, 208, 198, 197, 208, 198, 197, 208, 198, 197
  db 208, 198, 197, 131, 124, 124, 33, 31, 31, 208, 198, 197, 208, 198, 197, 208, 198, 197, 208, 198, 197, 208, 198, 197, 119, 113, 113, 54, 51, 51, 208, 198, 197, 128, 122, 121, 19, 18, 18, 47, 45, 45, 95, 90, 90, 148, 141, 140
  db 206, 196, 195, 208, 198, 197, 192, 182, 182, 0, 0, 0, 11, 11, 11, 12, 12, 12, 11, 11, 11, 33, 31, 31, 122, 116, 116, 208, 198, 197, 201, 192, 191, 0, 0, 0, 188, 179, 178, 208, 198, 197, 208, 198, 197, 208, 198, 197
  db 117, 111, 110, 61, 58, 58, 208, 198, 197, 192, 182, 182, 0, 0, 0, 11, 11, 11, 12, 12, 12, 11, 11, 11, 33, 31, 31, 122, 116, 116, 208, 198, 197, 208, 198, 197, 208, 198, 197, 208, 198, 197, 208, 198, 197, 131, 124, 124
  db 38, 36, 36, 208, 198, 197, 208, 198, 197, 208, 198, 197, 208, 198, 197, 208, 198, 197, 113, 107, 107, 55, 52, 52, 208, 198, 197, 208, 198, 197, 205, 195, 194, 162, 155, 154, 114, 109, 108, 50, 47, 47, 42, 40, 39, 199, 189, 189
  db 192, 182, 182, 0, 0, 0, 195, 186, 185, 208, 198, 197, 208, 198, 197, 208, 198, 197, 208, 198, 197, 208, 198, 197, 201, 192, 191, 0, 0, 0, 188, 179, 178, 208, 198, 197, 208, 198, 197, 208, 198, 197, 117, 111, 110, 61, 58, 58
  db 208, 198, 197, 192, 182, 182, 0, 0, 0, 195, 186, 185, 208, 198, 197, 208, 198, 197, 208, 198, 197, 208, 198, 197, 208, 198, 197, 77, 74, 73, 0, 0, 0, 0, 0, 0, 77, 74, 73, 178, 169, 168, 6, 5, 5, 184, 175, 175
  db 208, 198, 197, 208, 198, 197, 208, 198, 197, 208, 198, 197, 57, 54, 54, 102, 97, 97, 153, 146, 145, 100, 95, 94, 208, 198, 197, 208, 198, 197, 208, 198, 197, 208, 198, 197, 34, 33, 32, 140, 134, 133, 192, 182, 182, 0, 0, 0
  db 195, 186, 185, 208, 198, 197, 208, 198, 197, 208, 198, 197, 208, 198, 197, 208, 198, 197, 201, 192, 191, 0, 0, 0, 188, 179, 178, 208, 198, 197, 208, 198, 197, 208, 198, 197, 117, 111, 110, 61, 58, 58, 208, 198, 197, 192, 182, 182
  db 0, 0, 0, 195, 186, 185, 208, 198, 197, 208, 198, 197, 208, 198, 197, 208, 198, 197, 208, 198, 197, 208, 198, 197, 208, 198, 197, 208, 198, 197, 208, 198, 197, 208, 198, 197, 88, 84, 83, 42, 40, 39, 169, 161, 160, 207, 197, 196
  db 194, 185, 184, 94, 89, 89, 24, 23, 22, 192, 182, 182, 178, 169, 168, 9, 9, 8, 130, 123, 123, 193, 183, 182, 202, 193, 192, 153, 146, 145, 11, 10, 10, 175, 166, 165, 192, 182, 182, 0, 0, 0, 195, 186, 185, 208, 198, 197
  db 208, 198, 197, 208, 198, 197, 208, 198, 197, 208, 198, 197, 201, 192, 191, 0, 0, 0, 188, 179, 178, 208, 198, 197, 208, 198, 197, 208, 198, 197, 117, 111, 110, 61, 58, 58, 208, 198, 197, 192, 182, 182, 0, 0, 0, 195, 186, 185
  db 208, 198, 197, 208, 198, 197, 208, 198, 197, 208, 198, 197, 208, 198, 197, 208, 198, 197, 208, 198, 197, 208, 198, 197, 208, 198, 197, 208, 198, 197, 207, 197, 196, 122, 116, 115, 36, 34, 34, 13, 12, 12, 20, 19, 19, 80, 76, 76
  db 188, 179, 178, 208, 198, 197, 208, 198, 197, 155, 148, 147, 49, 47, 46, 10, 9, 9, 7, 6, 6, 41, 39, 39, 146, 139, 138, 208, 198, 197, 208, 198, 197, 208, 198, 197, 208, 198, 197, 208, 198, 197, 208, 198, 197, 208, 198, 197
  db 208, 198, 197, 208, 198, 197, 208, 198, 197, 208, 198, 197, 208, 198, 197, 208, 198, 197, 208, 198, 197, 208, 198, 197, 208, 198, 197, 208, 198, 197, 208, 198, 197, 208, 198, 197, 208, 198, 197, 208, 198, 197, 208, 198, 197, 208, 198, 197
  db 208, 198, 197, 208, 198, 197, 208, 198, 197, 208, 198, 197, 208, 198, 197, 208, 198, 197, 208, 198, 197, 208, 198, 197, 208, 198, 197, 208, 198, 197, 208, 198, 197, 208, 198, 197, 208, 198, 197, 208, 198, 197, 208, 198, 197, 208, 198, 197
  db 208, 198, 197, 208, 198, 197, 208, 198, 197, 208, 198, 197, 208, 198, 197, 208, 198, 197, 208, 198, 197, 208, 198, 197, 208, 198, 197, 208, 198, 197, 208, 198, 197, 208, 198, 197, 208, 198, 197, 208, 198, 197, 208, 198, 197, 208, 198, 197
  db 208, 198, 197, 208, 198, 197, 208, 198, 197, 208, 198, 197, 208, 198, 197, 208, 198, 197, 208, 198, 197, 208, 198, 197, 208, 198, 197, 208, 198, 197, 208, 198, 197, 208, 198, 197, 208, 198, 197, 208, 198, 197, 208, 198, 197, 208, 198, 197
  db 208, 198, 197, 208, 198, 197, 208, 198, 197, 208, 198, 197, 208, 198, 197, 208, 198, 197, 208, 198, 197, 208, 198, 197, 208, 198, 197, 208, 198, 197, 208, 198, 197, 208, 198, 197, 208, 198, 197, 208, 198, 197, 208, 198, 197, 208, 198, 197
  db 208, 198, 197, 208, 198, 197, 208, 198, 197, 208, 198, 197, 208, 198, 197, 208, 198, 197, 208, 198, 197, 208, 198, 197, 208, 198, 197, 208, 198, 197, 208, 198, 197, 208, 198, 197, 208, 198, 197, 208, 198, 197, 208, 198, 197, 208, 198, 197
  db 208, 198, 197, 208, 198, 197, 208, 198, 197, 208, 198, 197, 208, 198, 197, 208, 198, 197, 208, 198, 197, 208, 198, 197, 208, 198, 197, 208, 198, 197, 208, 198, 197, 208, 198, 197, 208, 198, 197, 208, 198, 197, 208, 198, 197, 208, 198, 197
  db 208, 198, 197, 208, 198, 197, 208, 198, 197, 208, 198, 197, 208, 198, 197, 208, 198, 197, 208, 198, 197, 208, 198, 197, 208, 198, 197, 208, 198, 197, 208, 198, 197, 208, 198, 197, 208, 198, 197, 208, 198, 197, 208, 198, 197, 208, 198, 197
  db 208, 198, 197, 208, 198, 197, 208, 198, 197, 208, 198, 197

