;
;   _______  ____  ____  _______            ___     ______
;  |_   __ \|_   ||   _||_   __ \         .'   `. .' ____ \
;    | |__) | | |__| |    | |__) |______ /  .-.  \| (___ \_|
;    |  ___/  |  __  |    |  ___/|______|| |   | | _.____`.
;   _| |_    _| |  | |_  _| |_           \  `-'  /| \____) |
;  |_____|  |____||____||_____|           `.___.'  \______.'
;
; Notice: This file is automatically generated by PHP-OS.
;         Do not edit this file. We cannot be held responsible if this is edited and overwritten again.
;


[bits 16]

[org 0x0000]

[bits 16]

[org 0x7c00]

main:
  cli 
  xor ax, ax
  xor bx, bx
  mov ds, ax
  mov es, ax
  mov ss, ax
  mov sp, 0
  sti 
mov si, __php_var_SGVsbG8gV29ybGQh
call __php_PHPOS_Service_BIOS_IO_PrintString
jmp __php_PHPOS_Service_BIOS_IO_PrintString_PHPOS_Service_BIOS_IO_PrintDone
__php_PHPOS_Service_BIOS_IO_PrintString_PHPOS_Service_BIOS_IO_PrintCharacter:
  mov ah, 0x000E
  int 16
  ret 
__php_PHPOS_Service_BIOS_IO_PrintString:
  lodsb 
  or al, al
  jz __php_PHPOS_Service_BIOS_IO_PrintString_PHPOS_Service_BIOS_IO_PrintDone
  call __php_PHPOS_Service_BIOS_IO_PrintString_PHPOS_Service_BIOS_IO_PrintCharacter
  jmp __php_PHPOS_Service_BIOS_IO_PrintString
__php_PHPOS_Service_BIOS_IO_PrintString_PHPOS_Service_BIOS_IO_PrintDone:
  ret 
hlt 

__php_var_SGVsbG8gV29ybGQh:
  db "Hello World!", 0

times 510-($-$$) db 0
dw 0xAA55

