;
;   _______  ____  ____  _______            ___     ______
;  |_   __ \|_   ||   _||_   __ \         .'   `. .' ____ \
;    | |__) | | |__| |    | |__) |______ /  .-.  \| (___ \_|
;    |  ___/  |  __  |    |  ___/|______|| |   | | _.____`.
;   _| |_    _| |  | |_  _| |_           \  `-'  /| \____) |
;  |_____|  |____||____||_____|           `.___.'  \______.'
;
; Notice: This file is automatically generated by PHP-OS.
;         Do not edit this file. We cannot be held responsible if this is edited and overwritten again.
;


[bits 16]

[org 0x0000]

[bits 16]

[org 0x7c00]

__php_PHPOS_Service_BIOS_VESABIOSExtension_TextMode:
  mov ax, 3
  int 16

__php_PHPOS_Service_Kit_Startup_PrintInputtedText:
  mov esi, __php_var_RW50ZXIgdGV4dDog
  call __php_PHPOS_Service_Kit_Startup_PrintInputtedText_PHPOS_Service_BIOS_IO_PrintConstantString
  jmp __php_PHPOS_Service_Kit_Startup_PrintInputtedText_PHPOS_Service_BIOS_IO_PrintConstantString_finish
  __php_PHPOS_Service_Kit_Startup_PrintInputtedText_PHPOS_Service_BIOS_IO_PrintConstantString_PHPOS_Service_BIOS_IO_PrintConstantString_PrintCharacter:
    mov ah, 14
    mov ebx, 15
    int 16
    ret 
  __php_PHPOS_Service_Kit_Startup_PrintInputtedText_PHPOS_Service_BIOS_IO_PrintConstantString:
    lodsb 
    or al, al
    jz __php_PHPOS_Service_Kit_Startup_PrintInputtedText_PHPOS_Service_BIOS_IO_PrintConstantString_PHPOS_Service_BIOS_IO_PrintConstantString_PrintDone
    call __php_PHPOS_Service_Kit_Startup_PrintInputtedText_PHPOS_Service_BIOS_IO_PrintConstantString_PHPOS_Service_BIOS_IO_PrintConstantString_PrintCharacter
    jmp __php_PHPOS_Service_Kit_Startup_PrintInputtedText_PHPOS_Service_BIOS_IO_PrintConstantString
  __php_PHPOS_Service_Kit_Startup_PrintInputtedText_PHPOS_Service_BIOS_IO_PrintConstantString_PHPOS_Service_BIOS_IO_PrintConstantString_PrintDone:
    ret 
  __php_PHPOS_Service_Kit_Startup_PrintInputtedText_PHPOS_Service_BIOS_IO_PrintConstantString_finish:
  __php_PHPOS_Service_Kit_Startup_PrintInputtedText_PHPOS_Service_BIOS_IO_ReadConstantString_ReadConstantString:
    mov di, __php_PHPOS_Service_Kit_Startup_PrintInputtedText_PHPOS_Service_BIOS_IO_ReadConstantString_ReadConstantString_buffer
    call __php_PHPOS_Service_Kit_Startup_PrintInputtedText_PHPOS_Service_BIOS_IO_ReadConstantString_ReadConstantString_char_read
    jmp __php_PHPOS_Service_Kit_Startup_PrintInputtedText_PHPOS_Service_BIOS_IO_ReadConstantString_ReadConstantString_done
    __php_PHPOS_Service_Kit_Startup_PrintInputtedText_PHPOS_Service_BIOS_IO_ReadConstantString_ReadConstantString_char_read:
      xor ah, ah
      int 22
      mov [di], al
      mov ah, 14
      int 16
      cmp al, 13
      je __php_PHPOS_Service_Kit_Startup_PrintInputtedText_PHPOS_Service_BIOS_IO_ReadConstantString_ReadConstantString_done_read
      inc di
      jmp __php_PHPOS_Service_Kit_Startup_PrintInputtedText_PHPOS_Service_BIOS_IO_ReadConstantString_ReadConstantString_char_read
      __php_PHPOS_Service_Kit_Startup_PrintInputtedText_PHPOS_Service_BIOS_IO_ReadConstantString_ReadConstantString_done_read:
        mov byte [di], 0
        ret 
  __php_PHPOS_Service_Kit_Startup_PrintInputtedText_PHPOS_Service_BIOS_IO_ReadConstantString_ReadConstantString_done:
  __php_PHPOS_Service_Kit_Startup_PrintInputtedText_PHPOS_Service_BIOS_IO_PrintConstantString_PrintNewLine:
    mov ah, 14
    mov al, 13
    int 16
    mov ah, 14
    mov al, 10
    int 16
  mov esi, __php_var_WW91ciBlbnRlcmVkOiA_
  call __php_PHPOS_Service_Kit_Startup_PrintInputtedText_PHPOS_Service_BIOS_IO_PrintConstantString1
  jmp __php_PHPOS_Service_Kit_Startup_PrintInputtedText_PHPOS_Service_BIOS_IO_PrintConstantString1_finish
  __php_PHPOS_Service_Kit_Startup_PrintInputtedText_PHPOS_Service_BIOS_IO_PrintConstantString1_PHPOS_Service_BIOS_IO_PrintConstantString_PrintCharacter:
    mov ah, 14
    mov ebx, 15
    int 16
    ret 
  __php_PHPOS_Service_Kit_Startup_PrintInputtedText_PHPOS_Service_BIOS_IO_PrintConstantString1:
    lodsb 
    or al, al
    jz __php_PHPOS_Service_Kit_Startup_PrintInputtedText_PHPOS_Service_BIOS_IO_PrintConstantString1_PHPOS_Service_BIOS_IO_PrintConstantString_PrintDone
    call __php_PHPOS_Service_Kit_Startup_PrintInputtedText_PHPOS_Service_BIOS_IO_PrintConstantString1_PHPOS_Service_BIOS_IO_PrintConstantString_PrintCharacter
    jmp __php_PHPOS_Service_Kit_Startup_PrintInputtedText_PHPOS_Service_BIOS_IO_PrintConstantString1
  __php_PHPOS_Service_Kit_Startup_PrintInputtedText_PHPOS_Service_BIOS_IO_PrintConstantString1_PHPOS_Service_BIOS_IO_PrintConstantString_PrintDone:
    ret 
  __php_PHPOS_Service_Kit_Startup_PrintInputtedText_PHPOS_Service_BIOS_IO_PrintConstantString1_finish:
  mov esi, __php_PHPOS_Service_Kit_Startup_PrintInputtedText_PHPOS_Service_BIOS_IO_ReadConstantString_ReadConstantString_buffer
  call __php_PHPOS_Service_Kit_Startup_PrintInputtedText_PHPOS_Service_BIOS_IO_PrintConstantString2
  jmp __php_PHPOS_Service_Kit_Startup_PrintInputtedText_PHPOS_Service_BIOS_IO_PrintConstantString2_finish
  __php_PHPOS_Service_Kit_Startup_PrintInputtedText_PHPOS_Service_BIOS_IO_PrintConstantString2_PHPOS_Service_BIOS_IO_PrintConstantString_PrintCharacter:
    mov ah, 14
    mov ebx, 15
    int 16
    ret 
  __php_PHPOS_Service_Kit_Startup_PrintInputtedText_PHPOS_Service_BIOS_IO_PrintConstantString2:
    lodsb 
    or al, al
    jz __php_PHPOS_Service_Kit_Startup_PrintInputtedText_PHPOS_Service_BIOS_IO_PrintConstantString2_PHPOS_Service_BIOS_IO_PrintConstantString_PrintDone
    call __php_PHPOS_Service_Kit_Startup_PrintInputtedText_PHPOS_Service_BIOS_IO_PrintConstantString2_PHPOS_Service_BIOS_IO_PrintConstantString_PrintCharacter
    jmp __php_PHPOS_Service_Kit_Startup_PrintInputtedText_PHPOS_Service_BIOS_IO_PrintConstantString2
  __php_PHPOS_Service_Kit_Startup_PrintInputtedText_PHPOS_Service_BIOS_IO_PrintConstantString2_PHPOS_Service_BIOS_IO_PrintConstantString_PrintDone:
    ret 
  __php_PHPOS_Service_Kit_Startup_PrintInputtedText_PHPOS_Service_BIOS_IO_PrintConstantString2_finish:
  __php_PHPOS_Service_Kit_Startup_PrintInputtedText_PHPOS_Service_BIOS_IO_PrintConstantString_PrintNewLine1:
    mov ah, 14
    mov al, 13
    int 16
    mov ah, 14
    mov al, 10
    int 16
  jmp __php_PHPOS_Service_Kit_Startup_PrintInputtedText
hlt 

__php_var_RW50ZXIgdGV4dDog:
  db "Enter text: ", 0

__php_var_WW91ciBlbnRlcmVkOiA_:
  db "Your entered: ", 0

__php_PHPOS_Service_Kit_Startup_PrintInputtedText_PHPOS_Service_BIOS_IO_ReadConstantString_ReadConstantString_buffer:
  times 256 db 0

times 510-($-$$) db 0
dw 0xAA55

