;
;   _______  ____  ____  _______            ___     ______
;  |_   __ \|_   ||   _||_   __ \         .'   `. .' ____ \
;    | |__) | | |__| |    | |__) |______ /  .-.  \| (___ \_|
;    |  ___/  |  __  |    |  ___/|______|| |   | | _.____`.
;   _| |_    _| |  | |_  _| |_           \  `-'  /| \____) |
;  |_____|  |____||____||_____|           `.___.'  \______.'
;
; Notice: This file is automatically generated by PHP-OS.
;         Do not edit this file. We cannot be held responsible if this is edited and overwritten again.
;

%define __php_define_x86_64_test_code_sector 1
%define __php_define_x86_64_test_code_sectors (null)
%define __php_define_x86_64_test_code_head 0
%define __php_define_x86_64_test_code_drive 128

[bits 16]

[org 0x0000]

__php_PHPOS_Service_BIOS_System_CallCode:
  __php_PHPOS_Service_BIOS_System_CallCode_PHPOS_Service_BIOS_Disk_LoadSector:
    mov ebx, 0
    mov ah, 0x0002
    mov al, __php_define_x86_64_test_code_sectors
    mov ch, 0x0000
    mov cl, __php_define_x86_64_test_code_sector
    mov dh, __php_define_x86_64_test_code_head
    mov dl, __php_define_x86_64_test_code_drive
    int 19
    jc __php_PHPOS_Service_BIOS_System_CallCode_PHPOS_Service_BIOS_Disk_LoadSector_PHPOS_Service_BIOS_Disk_DiskError
    jmp __php_PHPOS_Service_BIOS_System_CallCode_PHPOS_Service_BIOS_Disk_LoadSector_finish
    ret 
  __php_PHPOS_Service_BIOS_System_CallCode_PHPOS_Service_BIOS_Disk_LoadSector_PHPOS_Service_BIOS_Disk_DiskError:
    mov esi, __php_var_TG9hZCBkaXNrIGVycm9yIQ__
    call __php_PHPOS_Service_BIOS_System_CallCode_PHPOS_Service_BIOS_Disk_LoadSector_PHPOS_Service_BIOS_Disk_DiskError_PHPOS_Service_BIOS_IO_PrintConstantString
    jmp __php_PHPOS_Service_BIOS_System_CallCode_PHPOS_Service_BIOS_Disk_LoadSector_PHPOS_Service_BIOS_Disk_DiskError_PHPOS_Service_BIOS_IO_PrintConstantString_PHPOS_Service_BIOS_IO_PrintConstantString_PrintDone
    __php_PHPOS_Service_BIOS_System_CallCode_PHPOS_Service_BIOS_Disk_LoadSector_PHPOS_Service_BIOS_Disk_DiskError_PHPOS_Service_BIOS_IO_PrintConstantString_PHPOS_Service_BIOS_IO_PrintConstantString_PrintCharacter:
      mov ah, 14
      mov ebx, 15
      int 16
      ret 
    __php_PHPOS_Service_BIOS_System_CallCode_PHPOS_Service_BIOS_Disk_LoadSector_PHPOS_Service_BIOS_Disk_DiskError_PHPOS_Service_BIOS_IO_PrintConstantString:
      lodsb 
      or al, al
      jz __php_PHPOS_Service_BIOS_System_CallCode_PHPOS_Service_BIOS_Disk_LoadSector_PHPOS_Service_BIOS_Disk_DiskError_PHPOS_Service_BIOS_IO_PrintConstantString_PHPOS_Service_BIOS_IO_PrintConstantString_PrintDone
      call __php_PHPOS_Service_BIOS_System_CallCode_PHPOS_Service_BIOS_Disk_LoadSector_PHPOS_Service_BIOS_Disk_DiskError_PHPOS_Service_BIOS_IO_PrintConstantString_PHPOS_Service_BIOS_IO_PrintConstantString_PrintCharacter
      jmp __php_PHPOS_Service_BIOS_System_CallCode_PHPOS_Service_BIOS_Disk_LoadSector_PHPOS_Service_BIOS_Disk_DiskError_PHPOS_Service_BIOS_IO_PrintConstantString
    __php_PHPOS_Service_BIOS_System_CallCode_PHPOS_Service_BIOS_Disk_LoadSector_PHPOS_Service_BIOS_Disk_DiskError_PHPOS_Service_BIOS_IO_PrintConstantString_PHPOS_Service_BIOS_IO_PrintConstantString_PrintDone:
      ret 
    hlt 
  __php_PHPOS_Service_BIOS_System_CallCode_PHPOS_Service_BIOS_Disk_LoadSector_finish:
  jmp 0x0000

__php_var_TG9hZCBkaXNrIGVycm9yIQ__:
  db "Load disk error!", 0

