;
;   _______  ____  ____  _______            ___     ______
;  |_   __ \|_   ||   _||_   __ \         .'   `. .' ____ \
;    | |__) | | |__| |    | |__) |______ /  .-.  \| (___ \_|
;    |  ___/  |  __  |    |  ___/|______|| |   | | _.____`.
;   _| |_    _| |  | |_  _| |_           \  `-'  /| \____) |
;  |_____|  |____||____||_____|           `.___.'  \______.'
;
; Notice: This file is automatically generated by PHP-OS.
;         Do not edit this file. We cannot be held responsible if this is edited and overwritten again.
;


[bits 16]

[org 0x0000]

__php_PHPOS_Service_BIOS_Switch32BitMode:
  lgdt [__php_PHPOS_Service_BIOS_GlobalDescriptorTable]
  mov eax, cr0
  or eax, 1
  mov cr0, eax
  cli 
  jmp 0x0008:__php_PHPOS_Service_BIOS_Switch32BitMode_32bits_mode
[bits 32]
__php_PHPOS_Service_BIOS_Switch32BitMode_32bits_mode:
  cli 
  mov ax, 16
  mov bx, 16
  mov ds, ax
  mov es, ax
  mov ss, ax
  mov sp, 0

hlt 

