;
;   _______  ____  ____  _______            ___     ______
;  |_   __ \|_   ||   _||_   __ \         .'   `. .' ____ \
;    | |__) | | |__| |    | |__) |______ /  .-.  \| (___ \_|
;    |  ___/  |  __  |    |  ___/|______|| |   | | _.____`.
;   _| |_    _| |  | |_  _| |_           \  `-'  /| \____) |
;  |_____|  |____||____||_____|           `.___.'  \______.'
;
; Notice: This file is automatically generated by PHP-OS.
;         Do not edit this file. We cannot be held responsible if this is edited and overwritten again.
;


[bits 16]

[org 0x0000]

times 510-($-$$) db 0
dw 0xAA55

