__php_PHPOS_Service_PrintString_PHPOS_Service_Return_:
  ret 
__php_PHPOS_Service_PrintString_PHPOS_Service_PrintCharacter:
  mov ah, 0x0E
  int 0x10
  ret 
__php_PHPOS_Service_PrintString:
  lodsb 
  or al, al
  jz __php_PHPOS_Service_PrintString_PHPOS_Service_Return_
  call __php_PHPOS_Service_PrintString_PHPOS_Service_PrintCharacter
  jmp __php_PHPOS_Service_PrintString

