;
;                                  _     _          __             _____  _    _ _____         ____   _____
;     /\                          | |   | |        / _|           |  __ \| |  | |  __ \       / __ \ / ____|
;    /  \   ___ ___  ___ _ __ ___ | |__ | |_   _  | |_ ___  _ __  | |__) | |__| | |__) |_____| |  | | (___
;   / /\ \ / __/ __|/ _ \ '_ ` _ \| '_ \| | | | | |  _/ _ \| '__| |  ___/|  __  |  ___/______| |  | |\___ \
;  / ____ \__ \__ \  __/ | | | | | |_) | | |_| | | || (_) | |    | |    | |  | | |          | |__| |____) |
; /_/    \_\___/___/\___|_| |_| |_|_.__/|_|\__, | |_| \___/|_|    |_|    |_|  |_|_|           \____/|_____/
;                                           __/ |
;                                          |___/
;
; Notice: This file is automatically generated by PHP-OS.
;         Do not edit this file. We cannot be held responsible if this is edited and overwritten again.
;

times 510-($-$$) db 0
db 0x55
db 0xAA

