;
;                                  _     _          __             _____  _    _ _____         ____   _____
;     /\                          | |   | |        / _|           |  __ \| |  | |  __ \       / __ \ / ____|
;    /  \   ___ ___  ___ _ __ ___ | |__ | |_   _  | |_ ___  _ __  | |__) | |__| | |__) |_____| |  | | (___
;   / /\ \ / __/ __|/ _ \ '_ ` _ \| '_ \| | | | | |  _/ _ \| '__| |  ___/|  __  |  ___/______| |  | |\___ \
;  / ____ \__ \__ \  __/ | | | | | |_) | | |_| | | || (_) | |    | |    | |  | | |          | |__| |____) |
; /_/    \_\___/___/\___|_| |_| |_|_.__/|_|\__, | |_| \___/|_|    |_|    |_|  |_|_|           \____/|_____/
;                                           __/ |
;                                          |___/
;
; Notice: This file is automatically generated by PHP-OS.
;         Do not edit this file. We cannot be held responsible if this is edited and overwritten again.
;

[bits 16]

[org 0x7c00]

main:
  xor ax, ax
  mov ds, ax
  mov es, ax
  mov ss, ax
  mov si, __php_var_SGVsbG8gV29ybGQh
  call __php_PHPOS_Service_BIOS_IO_PrintString
  jmp __php_PHPOS_Service_BIOS_IO_PrintString_PHPOS_Service_BIOS_Standard_Return_
  __php_PHPOS_Service_BIOS_IO_PrintString_PHPOS_Service_BIOS_IO_PrintCharacter:
    mov ah, 0x0E
    int 0x10
    ret 
  __php_PHPOS_Service_BIOS_IO_PrintString:
    lodsb 
    or al, al
    jz __php_PHPOS_Service_BIOS_IO_PrintString_PHPOS_Service_BIOS_Standard_Return_
    call __php_PHPOS_Service_BIOS_IO_PrintString_PHPOS_Service_BIOS_IO_PrintCharacter
    jmp __php_PHPOS_Service_BIOS_IO_PrintString
    __php_PHPOS_Service_BIOS_IO_PrintString_PHPOS_Service_BIOS_Standard_Return_:
      ret 

__php_var_SGVsbG8gV29ybGQh:
  db "Hello World!", 0

times 510-($-$$) db 0
dw 0xAA55

